group_disband: state=run='naxx-loatheb' state=LOGIN_AND_GROUP runId=76 attempts=0/2 kills=0 wipes=0 timeouts=0 | attempt seq=0 id=0 stage=login elapsed=0ms hp_min=100% result=ongoing notes='' group=GUID Full: 0x1f50000000000001 Type: Group Low: 1 members=10
group_trace: 0   worldserver                         0x0000000105862178 _ZN19RaidTestGroupScript5TraceEv + 56
group_trace: 1   worldserver                         0x0000000105862044 _ZN19RaidTestGroupScript9OnDisbandEP5Group + 304
group_trace: 2   worldserver                         0x00000001062fa088 _ZN9ScriptMgr14OnGroupDisbandEP5Group + 72
group_trace: 3   worldserver                         0x000000010619897c _ZN5Group13ForcedDisbandEb + 52
group_trace: 4   worldserver                         0x000000010586d12c _ZN20RaidTestOrchestrator17TickLoginAndGroupEv + 708
group_trace: 5   worldserver                         0x0000000106319fc4 _ZN9ScriptMgr13OnWorldUpdateEj + 64
group_trace: 6   worldserver                         0x000000010649bd28 _ZN5World6UpdateEj + 2592
group_trace: 7   worldserver                         0x0000000105005a5c _Z15WorldUpdateLoopv + 392
group_trace: 8   worldserver                         0x0000000105002370 main + 4904
group_trace: 9   dyld                                0x00000001985deb98 start + 6076
group_remove: state=run='naxx-loatheb' state=ATTEMPT_RUNNING runId=76 attempts=0/2 kills=0 wipes=0 timeouts=0 | attempt seq=1 id=0 stage=pull elapsed=0ms hp_min=100% result=ongoing notes='' group=GUID Full: 0x1f50000000000003 Type: Group Low: 3 member=GUID Full: 0x00000000000002cc Type: Player Low: 716 method=2 kicker=GUID Full: 0x0000000000000000 Type: None Low: 0 reason=
group_trace: 0   worldserver                         0x0000000105862178 _ZN19RaidTestGroupScript5TraceEv + 56
group_trace: 1   worldserver                         0x0000000105861da4 _ZN19RaidTestGroupScript14OnRemoveMemberEP5Group10ObjectGuid12RemoveMethodS2_PKc + 388
group_trace: 2   worldserver                         0x00000001062f9eb0 _ZN9ScriptMgr19OnGroupRemoveMemberEP5Group10ObjectGuid12RemoveMethodS2_PKc + 112
group_trace: 3   worldserver                         0x0000000106197bd0 _ZN5Group12RemoveMemberE10ObjectGuidRK12RemoveMethodS0_PKc + 1796
group_trace: 4   worldserver                         0x000000010602782c _ZN6Player15RemoveFromGroupEP5Group10ObjectGuid12RemoveMethodS2_PKc + 28
group_trace: 5   worldserver                         0x0000000105630e04 _ZN15PlayerbotHolder16HandleBotPacketsEP12WorldSession + 144
group_trace: 6   worldserver                         0x0000000105630bd0 _ZN15PlayerbotHolder14UpdateSessionsEv + 180
group_trace: 7   worldserver                         0x000000010630caf0 _ZN9ScriptMgr17OnPlayerbotUpdateEj + 140
group_trace: 8   worldserver                         0x000000010649b628 _ZN5World6UpdateEj + 800
group_trace: 9   worldserver                         0x0000000105005a5c _Z15WorldUpdateLoopv + 392
group_trace: 10  worldserver                         0x0000000105002370 main + 4904
group_trace: 11  dyld                                0x00000001985deb98 start + 6076
group_remove: state=run='naxx-loatheb' state=ATTEMPT_RUNNING runId=76 attempts=0/2 kills=0 wipes=0 timeouts=0 | attempt seq=1 id=0 stage=pull elapsed=0ms hp_min=100% result=ongoing notes='' group=GUID Full: 0x1f50000000000003 Type: Group Low: 3 member=GUID Full: 0x00000000000002cd Type: Player Low: 717 method=2 kicker=GUID Full: 0x0000000000000000 Type: None Low: 0 reason=
group_trace: 0   worldserver                         0x0000000105862178 _ZN19RaidTestGroupScript5TraceEv + 56
group_trace: 1   worldserver                         0x0000000105861da4 _ZN19RaidTestGroupScript14OnRemoveMemberEP5Group10ObjectGuid12RemoveMethodS2_PKc + 388
group_trace: 2   worldserver                         0x00000001062f9eb0 _ZN9ScriptMgr19OnGroupRemoveMemberEP5Group10ObjectGuid12RemoveMethodS2_PKc + 112
group_trace: 3   worldserver                         0x0000000106197bd0 _ZN5Group12RemoveMemberE10ObjectGuidRK12RemoveMethodS0_PKc + 1796
group_trace: 4   worldserver                         0x000000010602782c _ZN6Player15RemoveFromGroupEP5Group10ObjectGuid12RemoveMethodS2_PKc + 28
group_trace: 5   worldserver                         0x0000000105630e04 _ZN15PlayerbotHolder16HandleBotPacketsEP12WorldSession + 144
group_trace: 6   worldserver                         0x0000000105630bd0 _ZN15PlayerbotHolder14UpdateSessionsEv + 180
group_trace: 7   worldserver                         0x000000010630caf0 _ZN9ScriptMgr17OnPlayerbotUpdateEj + 140
group_trace: 8   worldserver                         0x000000010649b628 _ZN5World6UpdateEj + 800
group_trace: 9   worldserver                         0x0000000105005a5c _Z15WorldUpdateLoopv + 392
group_trace: 10  worldserver                         0x0000000105002370 main + 4904
group_trace: 11  dyld                                0x00000001985deb98 start + 6076
group_remove: state=run='naxx-loatheb' state=ATTEMPT_RUNNING runId=76 attempts=0/2 kills=0 wipes=0 timeouts=0 | attempt seq=1 id=0 stage=pull elapsed=0ms hp_min=100% result=ongoing notes='' group=GUID Full: 0x1f50000000000003 Type: Group Low: 3 member=GUID Full: 0x00000000000002ce Type: Player Low: 718 method=2 kicker=GUID Full: 0x0000000000000000 Type: None Low: 0 reason=
group_trace: 0   worldserver                         0x0000000105862178 _ZN19RaidTestGroupScript5TraceEv + 56
group_trace: 1   worldserver                         0x0000000105861da4 _ZN19RaidTestGroupScript14OnRemoveMemberEP5Group10ObjectGuid12RemoveMethodS2_PKc + 388
group_trace: 2   worldserver                         0x00000001062f9eb0 _ZN9ScriptMgr19OnGroupRemoveMemberEP5Group10ObjectGuid12RemoveMethodS2_PKc + 112
group_trace: 3   worldserver                         0x0000000106197bd0 _ZN5Group12RemoveMemberE10ObjectGuidRK12RemoveMethodS0_PKc + 1796
group_trace: 4   worldserver                         0x000000010602782c _ZN6Player15RemoveFromGroupEP5Group10ObjectGuid12RemoveMethodS2_PKc + 28
group_trace: 5   worldserver                         0x0000000105630e04 _ZN15PlayerbotHolder16HandleBotPacketsEP12WorldSession + 144
group_trace: 6   worldserver                         0x0000000105630bd0 _ZN15PlayerbotHolder14UpdateSessionsEv + 180
group_trace: 7   worldserver                         0x000000010630caf0 _ZN9ScriptMgr17OnPlayerbotUpdateEj + 140
group_trace: 8   worldserver                         0x000000010649b628 _ZN5World6UpdateEj + 800
group_trace: 9   worldserver                         0x0000000105005a5c _Z15WorldUpdateLoopv + 392
group_trace: 10  worldserver                         0x0000000105002370 main + 4904
group_trace: 11  dyld                                0x00000001985deb98 start + 6076
group_remove: state=run='naxx-loatheb' state=ATTEMPT_RUNNING runId=76 attempts=0/2 kills=0 wipes=0 timeouts=0 | attempt seq=1 id=0 stage=pull elapsed=0ms hp_min=100% result=ongoing notes='' group=GUID Full: 0x1f50000000000003 Type: Group Low: 3 member=GUID Full: 0x00000000000002cf Type: Player Low: 719 method=2 kicker=GUID Full: 0x0000000000000000 Type: None Low: 0 reason=
group_trace: 0   worldserver                         0x0000000105862178 _ZN19RaidTestGroupScript5TraceEv + 56
group_trace: 1   worldserver                         0x0000000105861da4 _ZN19RaidTestGroupScript14OnRemoveMemberEP5Group10ObjectGuid12RemoveMethodS2_PKc + 388
group_trace: 2   worldserver                         0x00000001062f9eb0 _ZN9ScriptMgr19OnGroupRemoveMemberEP5Group10ObjectGuid12RemoveMethodS2_PKc + 112
group_trace: 3   worldserver                         0x0000000106197bd0 _ZN5Group12RemoveMemberE10ObjectGuidRK12RemoveMethodS0_PKc + 1796
group_trace: 4   worldserver                         0x000000010602782c _ZN6Player15RemoveFromGroupEP5Group10ObjectGuid12RemoveMethodS2_PKc + 28
group_trace: 5   worldserver                         0x0000000105630e04 _ZN15PlayerbotHolder16HandleBotPacketsEP12WorldSession + 144
group_trace: 6   worldserver                         0x0000000105630bd0 _ZN15PlayerbotHolder14UpdateSessionsEv + 180
group_trace: 7   worldserver                         0x000000010630caf0 _ZN9ScriptMgr17OnPlayerbotUpdateEj + 140
group_trace: 8   worldserver                         0x000000010649b628 _ZN5World6UpdateEj + 800
group_trace: 9   worldserver                         0x0000000105005a5c _Z15WorldUpdateLoopv + 392
group_trace: 10  worldserver                         0x0000000105002370 main + 4904
group_trace: 11  dyld                                0x00000001985deb98 start + 6076
group_remove: state=run='naxx-loatheb' state=ATTEMPT_RUNNING runId=76 attempts=0/2 kills=0 wipes=0 timeouts=0 | attempt seq=1 id=0 stage=pull elapsed=0ms hp_min=100% result=ongoing notes='' group=GUID Full: 0x1f50000000000003 Type: Group Low: 3 member=GUID Full: 0x00000000000002d0 Type: Player Low: 720 method=2 kicker=GUID Full: 0x0000000000000000 Type: None Low: 0 reason=
group_trace: 0   worldserver                         0x0000000105862178 _ZN19RaidTestGroupScript5TraceEv + 56
group_trace: 1   worldserver                         0x0000000105861da4 _ZN19RaidTestGroupScript14OnRemoveMemberEP5Group10ObjectGuid12RemoveMethodS2_PKc + 388
group_trace: 2   worldserver                         0x00000001062f9eb0 _ZN9ScriptMgr19OnGroupRemoveMemberEP5Group10ObjectGuid12RemoveMethodS2_PKc + 112
group_trace: 3   worldserver                         0x0000000106197bd0 _ZN5Group12RemoveMemberE10ObjectGuidRK12RemoveMethodS0_PKc + 1796
group_trace: 4   worldserver                         0x000000010602782c _ZN6Player15RemoveFromGroupEP5Group10ObjectGuid12RemoveMethodS2_PKc + 28
group_trace: 5   worldserver                         0x0000000105630e04 _ZN15PlayerbotHolder16HandleBotPacketsEP12WorldSession + 144
group_trace: 6   worldserver                         0x0000000105630bd0 _ZN15PlayerbotHolder14UpdateSessionsEv + 180
group_trace: 7   worldserver                         0x000000010630caf0 _ZN9ScriptMgr17OnPlayerbotUpdateEj + 140
group_trace: 8   worldserver                         0x000000010649b628 _ZN5World6UpdateEj + 800
group_trace: 9   worldserver                         0x0000000105005a5c _Z15WorldUpdateLoopv + 392
group_trace: 10  worldserver                         0x0000000105002370 main + 4904
group_trace: 11  dyld                                0x00000001985deb98 start + 6076
group_remove: state=run='naxx-loatheb' state=ATTEMPT_RUNNING runId=76 attempts=0/2 kills=0 wipes=0 timeouts=0 | attempt seq=1 id=0 stage=pull elapsed=0ms hp_min=100% result=ongoing notes='' group=GUID Full: 0x1f50000000000003 Type: Group Low: 3 member=GUID Full: 0x00000000000002d1 Type: Player Low: 721 method=2 kicker=GUID Full: 0x0000000000000000 Type: None Low: 0 reason=
group_trace: 0   worldserver                         0x0000000105862178 _ZN19RaidTestGroupScript5TraceEv + 56
group_trace: 1   worldserver                         0x0000000105861da4 _ZN19RaidTestGroupScript14OnRemoveMemberEP5Group10ObjectGuid12RemoveMethodS2_PKc + 388
group_trace: 2   worldserver                         0x00000001062f9eb0 _ZN9ScriptMgr19OnGroupRemoveMemberEP5Group10ObjectGuid12RemoveMethodS2_PKc + 112
group_trace: 3   worldserver                         0x0000000106197bd0 _ZN5Group12RemoveMemberE10ObjectGuidRK12RemoveMethodS0_PKc + 1796
group_trace: 4   worldserver                         0x000000010602782c _ZN6Player15RemoveFromGroupEP5Group10ObjectGuid12RemoveMethodS2_PKc + 28
group_trace: 5   worldserver                         0x0000000105630e04 _ZN15PlayerbotHolder16HandleBotPacketsEP12WorldSession + 144
group_trace: 6   worldserver                         0x0000000105630bd0 _ZN15PlayerbotHolder14UpdateSessionsEv + 180
group_trace: 7   worldserver                         0x000000010630caf0 _ZN9ScriptMgr17OnPlayerbotUpdateEj + 140
group_trace: 8   worldserver                         0x000000010649b628 _ZN5World6UpdateEj + 800
group_trace: 9   worldserver                         0x0000000105005a5c _Z15WorldUpdateLoopv + 392
group_trace: 10  worldserver                         0x0000000105002370 main + 4904
group_trace: 11  dyld                                0x00000001985deb98 start + 6076
group_remove: state=run='naxx-loatheb' state=ATTEMPT_RUNNING runId=76 attempts=0/2 kills=0 wipes=0 timeouts=0 | attempt seq=1 id=0 stage=pull elapsed=0ms hp_min=100% result=ongoing notes='' group=GUID Full: 0x1f50000000000003 Type: Group Low: 3 member=GUID Full: 0x00000000000002d2 Type: Player Low: 722 method=2 kicker=GUID Full: 0x0000000000000000 Type: None Low: 0 reason=
group_trace: 0   worldserver                         0x0000000105862178 _ZN19RaidTestGroupScript5TraceEv + 56
group_trace: 1   worldserver                         0x0000000105861da4 _ZN19RaidTestGroupScript14OnRemoveMemberEP5Group10ObjectGuid12RemoveMethodS2_PKc + 388
group_trace: 2   worldserver                         0x00000001062f9eb0 _ZN9ScriptMgr19OnGroupRemoveMemberEP5Group10ObjectGuid12RemoveMethodS2_PKc + 112
group_trace: 3   worldserver                         0x0000000106197bd0 _ZN5Group12RemoveMemberE10ObjectGuidRK12RemoveMethodS0_PKc + 1796
group_trace: 4   worldserver                         0x000000010602782c _ZN6Player15RemoveFromGroupEP5Group10ObjectGuid12RemoveMethodS2_PKc + 28
group_trace: 5   worldserver                         0x0000000105630e04 _ZN15PlayerbotHolder16HandleBotPacketsEP12WorldSession + 144
group_trace: 6   worldserver                         0x0000000105630bd0 _ZN15PlayerbotHolder14UpdateSessionsEv + 180
group_trace: 7   worldserver                         0x000000010630caf0 _ZN9ScriptMgr17OnPlayerbotUpdateEj + 140
group_trace: 8   worldserver                         0x000000010649b628 _ZN5World6UpdateEj + 800
group_trace: 9   worldserver                         0x0000000105005a5c _Z15WorldUpdateLoopv + 392
group_trace: 10  worldserver                         0x0000000105002370 main + 4904
group_trace: 11  dyld                                0x00000001985deb98 start + 6076
group_remove: state=run='naxx-loatheb' state=ATTEMPT_RUNNING runId=76 attempts=0/2 kills=0 wipes=0 timeouts=0 | attempt seq=1 id=0 stage=pull elapsed=0ms hp_min=100% result=ongoing notes='' group=GUID Full: 0x1f50000000000003 Type: Group Low: 3 member=GUID Full: 0x00000000000002d3 Type: Player Low: 723 method=2 kicker=GUID Full: 0x0000000000000000 Type: None Low: 0 reason=
group_trace: 0   worldserver                         0x0000000105862178 _ZN19RaidTestGroupScript5TraceEv + 56
group_trace: 1   worldserver                         0x0000000105861da4 _ZN19RaidTestGroupScript14OnRemoveMemberEP5Group10ObjectGuid12RemoveMethodS2_PKc + 388
group_trace: 2   worldserver                         0x00000001062f9eb0 _ZN9ScriptMgr19OnGroupRemoveMemberEP5Group10ObjectGuid12RemoveMethodS2_PKc + 112
group_trace: 3   worldserver                         0x0000000106197bd0 _ZN5Group12RemoveMemberE10ObjectGuidRK12RemoveMethodS0_PKc + 1796
group_trace: 4   worldserver                         0x000000010602782c _ZN6Player15RemoveFromGroupEP5Group10ObjectGuid12RemoveMethodS2_PKc + 28
group_trace: 5   worldserver                         0x0000000105630e04 _ZN15PlayerbotHolder16HandleBotPacketsEP12WorldSession + 144
group_trace: 6   worldserver                         0x0000000105630bd0 _ZN15PlayerbotHolder14UpdateSessionsEv + 180
group_trace: 7   worldserver                         0x000000010630caf0 _ZN9ScriptMgr17OnPlayerbotUpdateEj + 140
group_trace: 8   worldserver                         0x000000010649b628 _ZN5World6UpdateEj + 800
group_trace: 9   worldserver                         0x0000000105005a5c _Z15WorldUpdateLoopv + 392
group_trace: 10  worldserver                         0x0000000105002370 main + 4904
group_trace: 11  dyld                                0x00000001985deb98 start + 6076
group_remove: state=run='naxx-loatheb' state=ATTEMPT_RUNNING runId=76 attempts=0/2 kills=0 wipes=0 timeouts=0 | attempt seq=1 id=0 stage=pull elapsed=0ms hp_min=100% result=ongoing notes='' group=GUID Full: 0x1f50000000000003 Type: Group Low: 3 member=GUID Full: 0x00000000000002d4 Type: Player Low: 724 method=2 kicker=GUID Full: 0x0000000000000000 Type: None Low: 0 reason=
group_trace: 0   worldserver                         0x0000000105862178 _ZN19RaidTestGroupScript5TraceEv + 56
group_trace: 1   worldserver                         0x0000000105861da4 _ZN19RaidTestGroupScript14OnRemoveMemberEP5Group10ObjectGuid12RemoveMethodS2_PKc + 388
group_trace: 2   worldserver                         0x00000001062f9eb0 _ZN9ScriptMgr19OnGroupRemoveMemberEP5Group10ObjectGuid12RemoveMethodS2_PKc + 112
group_trace: 3   worldserver                         0x0000000106197638 _ZN5Group12RemoveMemberE10ObjectGuidRK12RemoveMethodS0_PKc + 364
group_trace: 4   worldserver                         0x000000010602782c _ZN6Player15RemoveFromGroupEP5Group10ObjectGuid12RemoveMethodS2_PKc + 28
group_trace: 5   worldserver                         0x0000000105630e04 _ZN15PlayerbotHolder16HandleBotPacketsEP12WorldSession + 144
group_trace: 6   worldserver                         0x0000000105630bd0 _ZN15PlayerbotHolder14UpdateSessionsEv + 180
group_trace: 7   worldserver                         0x000000010630caf0 _ZN9ScriptMgr17OnPlayerbotUpdateEj + 140
group_trace: 8   worldserver                         0x000000010649b628 _ZN5World6UpdateEj + 800
group_trace: 9   worldserver                         0x0000000105005a5c _Z15WorldUpdateLoopv + 392
group_trace: 10  worldserver                         0x0000000105002370 main + 4904
group_trace: 11  dyld                                0x00000001985deb98 start + 6076
group_disband: state=run='naxx-loatheb' state=ATTEMPT_RUNNING runId=76 attempts=0/2 kills=0 wipes=0 timeouts=0 | attempt seq=1 id=0 stage=pull elapsed=0ms hp_min=100% result=ongoing notes='' group=GUID Full: 0x1f50000000000003 Type: Group Low: 3 members=2
group_trace: 0   worldserver                         0x0000000105862178 _ZN19RaidTestGroupScript5TraceEv + 56
group_trace: 1   worldserver                         0x0000000105862044 _ZN19RaidTestGroupScript9OnDisbandEP5Group + 304
group_trace: 2   worldserver                         0x00000001062fa088 _ZN9ScriptMgr14OnGroupDisbandEP5Group + 72
group_trace: 3   worldserver                         0x000000010619897c _ZN5Group13ForcedDisbandEb + 52
group_trace: 4   worldserver                         0x0000000106197cd0 _ZN5Group12RemoveMemberE10ObjectGuidRK12RemoveMethodS0_PKc + 2052
group_trace: 5   worldserver                         0x000000010602782c _ZN6Player15RemoveFromGroupEP5Group10ObjectGuid12RemoveMethodS2_PKc + 28
group_trace: 6   worldserver                         0x0000000105630e04 _ZN15PlayerbotHolder16HandleBotPacketsEP12WorldSession + 144
group_trace: 7   worldserver                         0x0000000105630bd0 _ZN15PlayerbotHolder14UpdateSessionsEv + 180
group_trace: 8   worldserver                         0x000raid_invalid: run=76 phase=before_pull bot=raidteapatca group=none grouper=1
group_trace: 9   worldserver                         0x000000010649b628 _ZN5World6UpdateEj + 800
group_trace: 10  worldserver                         0x0000000105005a5c _Z15WorldUpdateLoopv + 392
group_trace: 11  worldserver                         0x0000000105002370 main + 4904
group_trace: 12  dyld                                0x00000001985deb98 start + 6076
